Archive member included because of file (symbol)

d:/amit/interfacing_partition/amit eclipse/sdk_win_64/sdk_win_64/winavr/bin/../lib/gcc/avr/4.3.3/avr5\libgcc.a(_udivmodhi4.o)
                              ./queue.o (__udivmodhi4)
d:/amit/interfacing_partition/amit eclipse/sdk_win_64/sdk_win_64/winavr/bin/../lib/gcc/avr/4.3.3/avr5\libgcc.a(_exit.o)
                              d:/amit/interfacing_partition/amit eclipse/sdk_win_64/sdk_win_64/winavr/bin/../lib/gcc/avr/4.3.3/../../../../avr/lib/avr5/crtm32.o (exit)
d:/amit/interfacing_partition/amit eclipse/sdk_win_64/sdk_win_64/winavr/bin/../lib/gcc/avr/4.3.3/avr5\libgcc.a(_copy_data.o)
                              ./FreeRTOS_test1.o (__do_copy_data)
d:/amit/interfacing_partition/amit eclipse/sdk_win_64/sdk_win_64/winavr/bin/../lib/gcc/avr/4.3.3/avr5\libgcc.a(_clear_bss.o)
                              ./FreeRTOS_test3.o (__do_clear_bss)
d:/amit/interfacing_partition/amit eclipse/sdk_win_64/sdk_win_64/winavr/bin/../lib/gcc/avr/4.3.3/../../../../avr/lib/avr5\libc.a(memcpy.o)
                              ./queue.o (memcpy)
d:/amit/interfacing_partition/amit eclipse/sdk_win_64/sdk_win_64/winavr/bin/../lib/gcc/avr/4.3.3/../../../../avr/lib/avr5\libc.a(memset.o)
                              ./stream_buffer.o (memset)

Memory Configuration

Name             Origin             Length             Attributes
text             0x00000000         0x00020000         xr
data             0x00800060         0x0000ffa0         rw !x
eeprom           0x00810000         0x00010000         rw !x
fuse             0x00820000         0x00000400         rw !x
lock             0x00830000         0x00000400         rw !x
signature        0x00840000         0x00000400         rw !x
*default*        0x00000000         0xffffffff

Linker script and memory map

LOAD d:/amit/interfacing_partition/amit eclipse/sdk_win_64/sdk_win_64/winavr/bin/../lib/gcc/avr/4.3.3/../../../../avr/lib/avr5/crtm32.o
LOAD ./DIO_program.o
LOAD ./FreeRTOS_test1.o
LOAD ./FreeRTOS_test2.o
LOAD ./FreeRTOS_test3.o
LOAD ./FreeRTOS_test4.o
LOAD ./croutine.o
LOAD ./event_groups.o
LOAD ./heap_1.o
LOAD ./list.o
LOAD ./port.o
LOAD ./queue.o
LOAD ./regtest.o
LOAD ./stream_buffer.o
LOAD ./tasks.o
LOAD ./timers.o
LOAD d:/amit/interfacing_partition/amit eclipse/sdk_win_64/sdk_win_64/winavr/bin/../lib/gcc/avr/4.3.3/avr5\libgcc.a
LOAD d:/amit/interfacing_partition/amit eclipse/sdk_win_64/sdk_win_64/winavr/bin/../lib/gcc/avr/4.3.3/../../../../avr/lib/avr5\libc.a
LOAD d:/amit/interfacing_partition/amit eclipse/sdk_win_64/sdk_win_64/winavr/bin/../lib/gcc/avr/4.3.3/avr5\libgcc.a

.hash
 *(.hash)

.dynsym
 *(.dynsym)

.dynstr
 *(.dynstr)

.gnu.version
 *(.gnu.version)

.gnu.version_d
 *(.gnu.version_d)

.gnu.version_r
 *(.gnu.version_r)

.rel.init
 *(.rel.init)

.rela.init
 *(.rela.init)

.rel.text
 *(.rel.text)
 *(.rel.text.*)
 *(.rel.gnu.linkonce.t*)

.rela.text
 *(.rela.text)
 *(.rela.text.*)
 *(.rela.gnu.linkonce.t*)

.rel.fini
 *(.rel.fini)

.rela.fini
 *(.rela.fini)

.rel.rodata
 *(.rel.rodata)
 *(.rel.rodata.*)
 *(.rel.gnu.linkonce.r*)

.rela.rodata
 *(.rela.rodata)
 *(.rela.rodata.*)
 *(.rela.gnu.linkonce.r*)

.rel.data
 *(.rel.data)
 *(.rel.data.*)
 *(.rel.gnu.linkonce.d*)

.rela.data
 *(.rela.data)
 *(.rela.data.*)
 *(.rela.gnu.linkonce.d*)

.rel.ctors
 *(.rel.ctors)

.rela.ctors
 *(.rela.ctors)

.rel.dtors
 *(.rel.dtors)

.rela.dtors
 *(.rela.dtors)

.rel.got
 *(.rel.got)

.rela.got
 *(.rela.got)

.rel.bss
 *(.rel.bss)

.rela.bss
 *(.rela.bss)

.rel.plt
 *(.rel.plt)

.rela.plt
 *(.rela.plt)

.text           0x00000000     0x77ae
 *(.vectors)
 .vectors       0x00000000       0x54 d:/amit/interfacing_partition/amit eclipse/sdk_win_64/sdk_win_64/winavr/bin/../lib/gcc/avr/4.3.3/../../../../avr/lib/avr5/crtm32.o
                0x00000000                __vectors
                0x00000000                __vector_default
 *(.vectors)
 *(.progmem.gcc*)
 *(.progmem*)
                0x00000054                . = ALIGN (0x2)
                0x00000054                __trampolines_start = .
 *(.trampolines)
 .trampolines   0x00000054        0x0 linker stubs
 *(.trampolines*)
                0x00000054                __trampolines_end = .
 *(.jumptables)
 *(.jumptables*)
 *(.lowtext)
 *(.lowtext*)
                0x00000054                __ctors_start = .
 *(.ctors)
                0x00000054                __ctors_end = .
                0x00000054                __dtors_start = .
 *(.dtors)
                0x00000054                __dtors_end = .
 SORT(*)(.ctors)
 SORT(*)(.dtors)
 *(.init0)
 .init0         0x00000054        0x0 d:/amit/interfacing_partition/amit eclipse/sdk_win_64/sdk_win_64/winavr/bin/../lib/gcc/avr/4.3.3/../../../../avr/lib/avr5/crtm32.o
                0x00000054                __init
 *(.init0)
 *(.init1)
 *(.init1)
 *(.init2)
 .init2         0x00000054        0xc d:/amit/interfacing_partition/amit eclipse/sdk_win_64/sdk_win_64/winavr/bin/../lib/gcc/avr/4.3.3/../../../../avr/lib/avr5/crtm32.o
 *(.init2)
 *(.init3)
 *(.init3)
 *(.init4)
 .init4         0x00000060       0x16 d:/amit/interfacing_partition/amit eclipse/sdk_win_64/sdk_win_64/winavr/bin/../lib/gcc/avr/4.3.3/avr5\libgcc.a(_copy_data.o)
                0x00000060                __do_copy_data
 .init4         0x00000076       0x10 d:/amit/interfacing_partition/amit eclipse/sdk_win_64/sdk_win_64/winavr/bin/../lib/gcc/avr/4.3.3/avr5\libgcc.a(_clear_bss.o)
                0x00000076                __do_clear_bss
 *(.init4)
 *(.init5)
 *(.init5)
 *(.init6)
 *(.init6)
 *(.init7)
 *(.init7)
 *(.init8)
 *(.init8)
 *(.init9)
 .init9         0x00000086        0x8 d:/amit/interfacing_partition/amit eclipse/sdk_win_64/sdk_win_64/winavr/bin/../lib/gcc/avr/4.3.3/../../../../avr/lib/avr5/crtm32.o
 *(.init9)
 *(.text)
 .text          0x0000008e        0x4 d:/amit/interfacing_partition/amit eclipse/sdk_win_64/sdk_win_64/winavr/bin/../lib/gcc/avr/4.3.3/../../../../avr/lib/avr5/crtm32.o
                0x0000008e                __vector_1
                0x0000008e                __vector_12
                0x0000008e                __bad_interrupt
                0x0000008e                __vector_6
                0x0000008e                __vector_3
                0x0000008e                __vector_11
                0x0000008e                __vector_13
                0x0000008e                __vector_17
                0x0000008e                __vector_19
                0x0000008e                __vector_5
                0x0000008e                __vector_4
                0x0000008e                __vector_9
                0x0000008e                __vector_2
                0x0000008e                __vector_15
                0x0000008e                __vector_8
                0x0000008e                __vector_14
                0x0000008e                __vector_10
                0x0000008e                __vector_16
                0x0000008e                __vector_18
                0x0000008e                __vector_20
 .text          0x00000092        0x0 ./DIO_program.o
 .text          0x00000092        0x0 ./FreeRTOS_test1.o
 .text          0x00000092        0x0 ./FreeRTOS_test2.o
 .text          0x00000092        0x0 ./FreeRTOS_test3.o
 .text          0x00000092        0x0 ./FreeRTOS_test4.o
 .text          0x00000092        0x0 ./croutine.o
 .text          0x00000092        0x0 ./event_groups.o
 .text          0x00000092        0x0 ./heap_1.o
 .text          0x00000092        0x0 ./list.o
 .text          0x00000092        0x0 ./port.o
 .text          0x00000092        0x0 ./queue.o
 .text          0x00000092        0x0 ./regtest.o
 .text          0x00000092        0x0 ./stream_buffer.o
 .text          0x00000092        0x0 ./tasks.o
 .text          0x00000092        0x0 ./timers.o
 .text          0x00000092        0x0 d:/amit/interfacing_partition/amit eclipse/sdk_win_64/sdk_win_64/winavr/bin/../lib/gcc/avr/4.3.3/avr5\libgcc.a(_udivmodhi4.o)
 .text          0x00000092        0x0 d:/amit/interfacing_partition/amit eclipse/sdk_win_64/sdk_win_64/winavr/bin/../lib/gcc/avr/4.3.3/avr5\libgcc.a(_exit.o)
 .text          0x00000092        0x0 d:/amit/interfacing_partition/amit eclipse/sdk_win_64/sdk_win_64/winavr/bin/../lib/gcc/avr/4.3.3/avr5\libgcc.a(_copy_data.o)
 .text          0x00000092        0x0 d:/amit/interfacing_partition/amit eclipse/sdk_win_64/sdk_win_64/winavr/bin/../lib/gcc/avr/4.3.3/avr5\libgcc.a(_clear_bss.o)
 .text          0x00000092        0x0 d:/amit/interfacing_partition/amit eclipse/sdk_win_64/sdk_win_64/winavr/bin/../lib/gcc/avr/4.3.3/../../../../avr/lib/avr5\libc.a(memcpy.o)
 .text          0x00000092        0x0 d:/amit/interfacing_partition/amit eclipse/sdk_win_64/sdk_win_64/winavr/bin/../lib/gcc/avr/4.3.3/../../../../avr/lib/avr5\libc.a(memset.o)
                0x00000092                . = ALIGN (0x2)
 *(.text.*)
 .text.DIO_setPinDirection
                0x00000092      0x1e4 ./DIO_program.o
                0x00000092                DIO_setPinDirection
 .text.DIO_setPinValue
                0x00000276      0x1e4 ./DIO_program.o
                0x00000276                DIO_setPinValue
 .text.DIO_togglePinValue
                0x0000045a      0x10a ./DIO_program.o
                0x0000045a                DIO_togglePinValue
 .text.DIO_getPinValue
                0x00000564      0x122 ./DIO_program.o
                0x00000564                DIO_getPinValue
 .text.DIO_activePinInPullUpResistance
                0x00000686      0x10a ./DIO_program.o
                0x00000686                DIO_activePinInPullUpResistance
 .text.main     0x00000790       0xac ./FreeRTOS_test1.o
                0x00000790                main
 .text.LED_0    0x0000083c       0x20 ./FreeRTOS_test1.o
                0x0000083c                LED_0
 .text.LED_1    0x0000085c       0x20 ./FreeRTOS_test1.o
                0x0000085c                LED_1
 .text.LED_2    0x0000087c       0x20 ./FreeRTOS_test1.o
                0x0000087c                LED_2
 .text.BUZZER   0x0000089c       0x20 ./FreeRTOS_test1.o
                0x0000089c                BUZZER
 .text.main     0x000008bc       0x56 ./FreeRTOS_test2.o
 .text.LED_On   0x00000912       0x1a ./FreeRTOS_test2.o
                0x00000912                LED_On
 .text.LED_Off  0x0000092c       0x22 ./FreeRTOS_test2.o
                0x0000092c                LED_Off
 .text.main     0x0000094e       0x60 ./FreeRTOS_test3.o
 .text.LED_0    0x000009ae       0x2c ./FreeRTOS_test3.o
 .text.SW_0     0x000009da       0x36 ./FreeRTOS_test3.o
                0x000009da                SW_0
 .text.main     0x00000a10       0x60 ./FreeRTOS_test4.o
 .text.LED_0    0x00000a70       0x3a ./FreeRTOS_test4.o
 .text.SW_0     0x00000aaa       0x4c ./FreeRTOS_test4.o
 .text.xCoRoutineCreate
                0x00000af6      0x128 ./croutine.o
                0x00000af6                xCoRoutineCreate
 .text.vCoRoutineAddToDelayedList
                0x00000c1e       0xc2 ./croutine.o
                0x00000c1e                vCoRoutineAddToDelayedList
 .text.prvCheckPendingReadyList
                0x00000ce0       0x94 ./croutine.o
 .text.prvCheckDelayedList
                0x00000d74      0x15c ./croutine.o
 .text.vCoRoutineSchedule
                0x00000ed0      0x102 ./croutine.o
                0x00000ed0                vCoRoutineSchedule
 .text.prvInitialiseCoRoutineLists
                0x00000fd2       0x72 ./croutine.o
 .text.xCoRoutineRemoveFromEventList
                0x00001044       0x70 ./croutine.o
                0x00001044                xCoRoutineRemoveFromEventList
 .text.xEventGroupCreate
                0x000010b4       0x3e ./event_groups.o
                0x000010b4                xEventGroupCreate
 .text.xEventGroupSync
                0x000010f2      0x172 ./event_groups.o
                0x000010f2                xEventGroupSync
 .text.xEventGroupWaitBits
                0x00001264      0x18c ./event_groups.o
                0x00001264                xEventGroupWaitBits
 .text.xEventGroupClearBits
                0x000013f0       0x6c ./event_groups.o
                0x000013f0                xEventGroupClearBits
 .text.xEventGroupGetBitsFromISR
                0x0000145c       0x44 ./event_groups.o
                0x0000145c                xEventGroupGetBitsFromISR
 .text.xEventGroupSetBits
                0x000014a0      0x164 ./event_groups.o
                0x000014a0                xEventGroupSetBits
 .text.vEventGroupDelete
                0x00001604       0x62 ./event_groups.o
                0x00001604                vEventGroupDelete
 .text.vEventGroupSetBitsCallback
                0x00001666       0x3a ./event_groups.o
                0x00001666                vEventGroupSetBitsCallback
 .text.vEventGroupClearBitsCallback
                0x000016a0       0x3a ./event_groups.o
                0x000016a0                vEventGroupClearBitsCallback
 .text.prvTestWaitCondition
                0x000016da       0x64 ./event_groups.o
 .text.pvPortMalloc
                0x0000173e       0x8c ./heap_1.o
                0x0000173e                pvPortMalloc
 .text.vPortFree
                0x000017ca       0x18 ./heap_1.o
                0x000017ca                vPortFree
 .text.vPortInitialiseBlocks
                0x000017e2       0x16 ./heap_1.o
                0x000017e2                vPortInitialiseBlocks
 .text.xPortGetFreeHeapSize
                0x000017f8       0x1e ./heap_1.o
                0x000017f8                xPortGetFreeHeapSize
 .text.vListInitialise
                0x00001816       0x54 ./list.o
                0x00001816                vListInitialise
 .text.vListInitialiseItem
                0x0000186a       0x20 ./list.o
                0x0000186a                vListInitialiseItem
 .text.vListInsertEnd
                0x0000188a       0x88 ./list.o
                0x0000188a                vListInsertEnd
 .text.vListInsert
                0x00001912       0xd8 ./list.o
                0x00001912                vListInsert
 .text.uxListRemove
                0x000019ea       0x98 ./list.o
                0x000019ea                uxListRemove
 .text.pxPortInitialiseStack
                0x00001a82      0x306 ./port.o
                0x00001a82                pxPortInitialiseStack
 .text.xPortStartScheduler
                0x00001d88       0x6a ./port.o
                0x00001d88                xPortStartScheduler
 .text.vPortEndScheduler
                0x00001df2        0xe ./port.o
                0x00001df2                vPortEndScheduler
 .text.vPortYield
                0x00001e00       0xb2 ./port.o
                0x00001e00                vPortYield
 .text.vPortYieldFromTick
                0x00001eb2       0xba ./port.o
                0x00001eb2                vPortYieldFromTick
 .text.prvSetupTimerInterrupt
                0x00001f6c       0xb8 ./port.o
 .text.__vector_7
                0x00002024        0x6 ./port.o
                0x00002024                __vector_7
 .text.xQueueGenericReset
                0x0000202a      0x156 ./queue.o
                0x0000202a                xQueueGenericReset
 .text.xQueueGenericCreate
                0x00002180       0xe8 ./queue.o
                0x00002180                xQueueGenericCreate
 .text.prvInitialiseNewQueue
                0x00002268       0x76 ./queue.o
 .text.prvInitialiseMutex
                0x000022de       0x48 ./queue.o
 .text.xQueueCreateMutex
                0x00002326       0x40 ./queue.o
                0x00002326                xQueueCreateMutex
 .text.xQueueCreateCountingSemaphore
                0x00002366       0x52 ./queue.o
                0x00002366                xQueueCreateCountingSemaphore
 .text.xQueueGenericSend
                0x000023b8      0x158 ./queue.o
                0x000023b8                xQueueGenericSend
 .text.xQueueGenericSendFromISR
                0x00002510       0xb8 ./queue.o
                0x00002510                xQueueGenericSendFromISR
 .text.xQueueGiveFromISR
                0x000025c8       0xa2 ./queue.o
                0x000025c8                xQueueGiveFromISR
 .text.xQueueReceive
                0x0000266a      0x156 ./queue.o
                0x0000266a                xQueueReceive
 .text.xQueueSemaphoreTake
                0x000027c0      0x1aa ./queue.o
                0x000027c0                xQueueSemaphoreTake
 .text.xQueuePeek
                0x0000296a      0x164 ./queue.o
                0x0000296a                xQueuePeek
 .text.xQueueReceiveFromISR
                0x00002ace       0xae ./queue.o
                0x00002ace                xQueueReceiveFromISR
 .text.xQueuePeekFromISR
                0x00002b7c       0x72 ./queue.o
                0x00002b7c                xQueuePeekFromISR
 .text.uxQueueMessagesWaiting
                0x00002bee       0x30 ./queue.o
                0x00002bee                uxQueueMessagesWaiting
 .text.uxQueueSpacesAvailable
                0x00002c1e       0x4a ./queue.o
                0x00002c1e                uxQueueSpacesAvailable
 .text.uxQueueMessagesWaitingFromISR
                0x00002c68       0x34 ./queue.o
                0x00002c68                uxQueueMessagesWaitingFromISR
 .text.vQueueDelete
                0x00002c9c       0x2e ./queue.o
                0x00002c9c                vQueueDelete
 .text.prvGetDisinheritPriorityAfterTimeout
                0x00002cca       0x42 ./queue.o
 .text.prvCopyDataToQueue
                0x00002d0c      0x170 ./queue.o
 .text.prvCopyDataFromQueue
                0x00002e7c       0x8e ./queue.o
 .text.prvUnlockQueue
                0x00002f0a       0xa6 ./queue.o
 .text.prvIsQueueEmpty
                0x00002fb0       0x3a ./queue.o
 .text.xQueueIsQueueEmptyFromISR
                0x00002fea       0x3e ./queue.o
                0x00002fea                xQueueIsQueueEmptyFromISR
 .text.prvIsQueueFull
                0x00003028       0x40 ./queue.o
 .text.xQueueIsQueueFullFromISR
                0x00003068       0x44 ./queue.o
                0x00003068                xQueueIsQueueFullFromISR
 .text.xQueueCRSend
                0x000030ac       0xc2 ./queue.o
                0x000030ac                xQueueCRSend
 .text.xQueueCRReceive
                0x0000316e      0x11c ./queue.o
                0x0000316e                xQueueCRReceive
 .text.xQueueCRSendFromISR
                0x0000328a       0x82 ./queue.o
                0x0000328a                xQueueCRSendFromISR
 .text.xQueueCRReceiveFromISR
                0x0000330c       0xea ./queue.o
                0x0000330c                xQueueCRReceiveFromISR
 .text.vStartRegTestTasks
                0x000033f6       0x52 ./regtest.o
                0x000033f6                vStartRegTestTasks
 .text.xAreRegTestTasksStillRunning
                0x00003448       0x24 ./regtest.o
                0x00003448                xAreRegTestTasksStillRunning
 .text.prvRegisterCheck1
                0x0000346c      0x152 ./regtest.o
 .text.prvRegisterCheck2
                0x000035be      0x152 ./regtest.o
 .text.xStreamBufferGenericCreate
                0x00003710       0xb2 ./stream_buffer.o
                0x00003710                xStreamBufferGenericCreate
 .text.vStreamBufferDelete
                0x000037c2       0x52 ./stream_buffer.o
                0x000037c2                vStreamBufferDelete
 .text.xStreamBufferReset
                0x00003814       0x84 ./stream_buffer.o
                0x00003814                xStreamBufferReset
 .text.xStreamBufferSetTriggerLevel
                0x00003898       0x6e ./stream_buffer.o
                0x00003898                xStreamBufferSetTriggerLevel
 .text.xStreamBufferSpacesAvailable
                0x00003906       0xb0 ./stream_buffer.o
                0x00003906                xStreamBufferSpacesAvailable
 .text.xStreamBufferBytesAvailable
                0x000039b6       0x3c ./stream_buffer.o
                0x000039b6                xStreamBufferBytesAvailable
 .text.xStreamBufferSend
                0x000039f2      0x1dc ./stream_buffer.o
                0x000039f2                xStreamBufferSend
 .text.xStreamBufferSendFromISR
                0x00003bce      0x104 ./stream_buffer.o
                0x00003bce                xStreamBufferSendFromISR
 .text.prvWriteMessageToBuffer
                0x00003cd2       0xee ./stream_buffer.o
 .text.xStreamBufferReceive
                0x00003dc0      0x17c ./stream_buffer.o
                0x00003dc0                xStreamBufferReceive
 .text.xStreamBufferNextMessageLengthBytes
                0x00003f3c       0x92 ./stream_buffer.o
                0x00003f3c                xStreamBufferNextMessageLengthBytes
 .text.xStreamBufferReceiveFromISR
                0x00003fce       0xf0 ./stream_buffer.o
                0x00003fce                xStreamBufferReceiveFromISR
 .text.prvReadMessageFromBuffer
                0x000040be       0xfc ./stream_buffer.o
 .text.xStreamBufferIsEmpty
                0x000041ba       0x5a ./stream_buffer.o
                0x000041ba                xStreamBufferIsEmpty
 .text.xStreamBufferIsFull
                0x00004214       0x70 ./stream_buffer.o
                0x00004214                xStreamBufferIsFull
 .text.xStreamBufferSendCompletedFromISR
                0x00004284       0x8c ./stream_buffer.o
                0x00004284                xStreamBufferSendCompletedFromISR
 .text.xStreamBufferReceiveCompletedFromISR
                0x00004310       0x8c ./stream_buffer.o
                0x00004310                xStreamBufferReceiveCompletedFromISR
 .text.prvWriteBytesToBuffer
                0x0000439c      0x106 ./stream_buffer.o
 .text.prvReadBytesFromBuffer
                0x000044a2      0x10a ./stream_buffer.o
 .text.prvBytesInBuffer
                0x000045ac       0x74 ./stream_buffer.o
 .text.prvInitialiseNewStreamBuffer
                0x00004620       0x78 ./stream_buffer.o
 .text.xTaskCreate
                0x00004698       0xf0 ./tasks.o
                0x00004698                xTaskCreate
 .text.prvInitialiseNewTask
                0x00004788      0x198 ./tasks.o
 .text.prvAddNewTaskToReadyList
                0x00004920      0x17a ./tasks.o
 .text.vTaskDelete
                0x00004a9a       0xf6 ./tasks.o
                0x00004a9a                vTaskDelete
 .text.xTaskDelayUntil
                0x00004b90       0xe6 ./tasks.o
                0x00004b90                xTaskDelayUntil
 .text.vTaskDelay
                0x00004c76       0x44 ./tasks.o
                0x00004c76                vTaskDelay
 .text.vTaskSuspend
                0x00004cba      0x122 ./tasks.o
                0x00004cba                vTaskSuspend
 .text.prvTaskIsTaskSuspended
                0x00004ddc       0x5e ./tasks.o
 .text.vTaskResume
                0x00004e3a      0x154 ./tasks.o
                0x00004e3a                vTaskResume
 .text.xTaskResumeFromISR
                0x00004f8e      0x15e ./tasks.o
                0x00004f8e                xTaskResumeFromISR
 .text.vTaskStartScheduler
                0x000050ec       0x6a ./tasks.o
                0x000050ec                vTaskStartScheduler
 .text.vTaskEndScheduler
                0x00005156       0x18 ./tasks.o
                0x00005156                vTaskEndScheduler
 .text.vTaskSuspendAll
                0x0000516e       0x18 ./tasks.o
                0x0000516e                vTaskSuspendAll
 .text.xTaskResumeAll
                0x00005186      0x2a0 ./tasks.o
                0x00005186                xTaskResumeAll
 .text.xTaskGetTickCount
                0x00005426       0x2e ./tasks.o
                0x00005426                xTaskGetTickCount
 .text.xTaskGetTickCountFromISR
                0x00005454       0x2a ./tasks.o
                0x00005454                xTaskGetTickCountFromISR
 .text.uxTaskGetNumberOfTasks
                0x0000547e       0x12 ./tasks.o
                0x0000547e                uxTaskGetNumberOfTasks
 .text.pcTaskGetName
                0x00005490       0x50 ./tasks.o
                0x00005490                pcTaskGetName
 .text.xTaskCatchUpTicks
                0x000054e0       0x40 ./tasks.o
                0x000054e0                xTaskCatchUpTicks
 .text.xTaskIncrementTick
                0x00005520      0x2fe ./tasks.o
                0x00005520                xTaskIncrementTick
 .text.vTaskSwitchContext
                0x0000581e       0xda ./tasks.o
                0x0000581e                vTaskSwitchContext
 .text.vTaskPlaceOnEventList
                0x000058f8       0x44 ./tasks.o
                0x000058f8                vTaskPlaceOnEventList
 .text.vTaskPlaceOnUnorderedEventList
                0x0000593c       0xca ./tasks.o
                0x0000593c                vTaskPlaceOnUnorderedEventList
 .text.xTaskRemoveFromEventList
                0x00005a06      0x288 ./tasks.o
                0x00005a06                xTaskRemoveFromEventList
 .text.vTaskRemoveFromUnorderedEventList
                0x00005c8e      0x21c ./tasks.o
                0x00005c8e                vTaskRemoveFromUnorderedEventList
 .text.vTaskSetTimeOutState
                0x00005eaa       0x3c ./tasks.o
                0x00005eaa                vTaskSetTimeOutState
 .text.vTaskInternalSetTimeOutState
                0x00005ee6       0x32 ./tasks.o
                0x00005ee6                vTaskInternalSetTimeOutState
 .text.xTaskCheckForTimeOut
                0x00005f18       0xe2 ./tasks.o
                0x00005f18                xTaskCheckForTimeOut
 .text.vTaskMissedYield
                0x00005ffa       0x14 ./tasks.o
                0x00005ffa                vTaskMissedYield
 .text.prvIdleTask
                0x0000600e       0x14 ./tasks.o
 .text.prvInitialiseTaskLists
                0x00006022       0x82 ./tasks.o
 .text.prvCheckTasksWaitingTermination
                0x000060a4       0x5e ./tasks.o
 .text.prvDeleteTCB
                0x00006102       0x2c ./tasks.o
 .text.prvResetNextTaskUnblockTime
                0x0000612e       0x44 ./tasks.o
 .text.xTaskGetCurrentTaskHandle
                0x00006172       0x24 ./tasks.o
                0x00006172                xTaskGetCurrentTaskHandle
 .text.xTaskPriorityInherit
                0x00006196      0x1ca ./tasks.o
                0x00006196                xTaskPriorityInherit
 .text.xTaskPriorityDisinherit
                0x00006360      0x170 ./tasks.o
                0x00006360                xTaskPriorityDisinherit
 .text.vTaskPriorityDisinheritAfterTimeout
                0x000064d0      0x1b0 ./tasks.o
                0x000064d0                vTaskPriorityDisinheritAfterTimeout
 .text.uxTaskResetEventItemValue
                0x00006680       0x4e ./tasks.o
                0x00006680                uxTaskResetEventItemValue
 .text.pvTaskIncrementMutexHeldCount
                0x000066ce       0x30 ./tasks.o
                0x000066ce                pvTaskIncrementMutexHeldCount
 .text.ulTaskGenericNotifyTake
                0x000066fe      0x16c ./tasks.o
                0x000066fe                ulTaskGenericNotifyTake
 .text.xTaskGenericNotifyWait
                0x0000686a      0x1ee ./tasks.o
                0x0000686a                xTaskGenericNotifyWait
 .text.xTaskGenericNotify
                0x00006a58      0x37c ./tasks.o
                0x00006a58                xTaskGenericNotify
 .text.xTaskGenericNotifyFromISR
                0x00006dd4      0x3fe ./tasks.o
                0x00006dd4                xTaskGenericNotifyFromISR
 .text.vTaskGenericNotifyGiveFromISR
                0x000071d2      0x2a0 ./tasks.o
                0x000071d2                vTaskGenericNotifyGiveFromISR
 .text.xTaskGenericNotifyStateClear
                0x00007472       0x92 ./tasks.o
                0x00007472                xTaskGenericNotifyStateClear
 .text.ulTaskGenericNotifyValueClear
                0x00007504      0x104 ./tasks.o
                0x00007504                ulTaskGenericNotifyValueClear
 .text.prvAddCurrentTaskToDelayedList
                0x00007608      0x15a ./tasks.o
 .text.libgcc   0x00007762       0x28 d:/amit/interfacing_partition/amit eclipse/sdk_win_64/sdk_win_64/winavr/bin/../lib/gcc/avr/4.3.3/avr5\libgcc.a(_udivmodhi4.o)
                0x00007762                __udivmodhi4
 .text.libgcc   0x0000778a        0x0 d:/amit/interfacing_partition/amit eclipse/sdk_win_64/sdk_win_64/winavr/bin/../lib/gcc/avr/4.3.3/avr5\libgcc.a(_exit.o)
 .text.libgcc   0x0000778a        0x0 d:/amit/interfacing_partition/amit eclipse/sdk_win_64/sdk_win_64/winavr/bin/../lib/gcc/avr/4.3.3/avr5\libgcc.a(_copy_data.o)
 .text.libgcc   0x0000778a        0x0 d:/amit/interfacing_partition/amit eclipse/sdk_win_64/sdk_win_64/winavr/bin/../lib/gcc/avr/4.3.3/avr5\libgcc.a(_clear_bss.o)
 .text.avr-libc
                0x0000778a       0x12 d:/amit/interfacing_partition/amit eclipse/sdk_win_64/sdk_win_64/winavr/bin/../lib/gcc/avr/4.3.3/../../../../avr/lib/avr5\libc.a(memcpy.o)
                0x0000778a                memcpy
 .text.avr-libc
                0x0000779c        0xe d:/amit/interfacing_partition/amit eclipse/sdk_win_64/sdk_win_64/winavr/bin/../lib/gcc/avr/4.3.3/../../../../avr/lib/avr5\libc.a(memset.o)
                0x0000779c                memset
                0x000077aa                . = ALIGN (0x2)
 *(.fini9)
 .fini9         0x000077aa        0x0 d:/amit/interfacing_partition/amit eclipse/sdk_win_64/sdk_win_64/winavr/bin/../lib/gcc/avr/4.3.3/avr5\libgcc.a(_exit.o)
                0x000077aa                exit
                0x000077aa                _exit
 *(.fini9)
 *(.fini8)
 *(.fini8)
 *(.fini7)
 *(.fini7)
 *(.fini6)
 *(.fini6)
 *(.fini5)
 *(.fini5)
 *(.fini4)
 *(.fini4)
 *(.fini3)
 *(.fini3)
 *(.fini2)
 *(.fini2)
 *(.fini1)
 *(.fini1)
 *(.fini0)
 .fini0         0x000077aa        0x4 d:/amit/interfacing_partition/amit eclipse/sdk_win_64/sdk_win_64/winavr/bin/../lib/gcc/avr/4.3.3/avr5\libgcc.a(_exit.o)
 *(.fini0)
                0x000077ae                _etext = .

.data           0x00800060       0x56 load address 0x000077ae
                0x00800060                PROVIDE (__data_start, .)
 *(.data)
 .data          0x00800060        0x0 d:/amit/interfacing_partition/amit eclipse/sdk_win_64/sdk_win_64/winavr/bin/../lib/gcc/avr/4.3.3/../../../../avr/lib/avr5/crtm32.o
 .data          0x00800060        0x0 ./DIO_program.o
 .data          0x00800060       0x1c ./FreeRTOS_test1.o
 .data          0x0080007c        0xe ./FreeRTOS_test2.o
 .data          0x0080008a        0xe ./FreeRTOS_test3.o
 .data          0x00800098        0xe ./FreeRTOS_test4.o
 .data          0x008000a6        0x0 ./croutine.o
 .data          0x008000a6        0x0 ./event_groups.o
 .data          0x008000a6        0x0 ./heap_1.o
 .data          0x008000a6        0x0 ./list.o
 .data          0x008000a6        0x0 ./port.o
 .data          0x008000a6        0x0 ./queue.o
 .data          0x008000a6        0xa ./regtest.o
 .data          0x008000b0        0x0 ./stream_buffer.o
 .data          0x008000b0        0x5 ./tasks.o
 .data          0x008000b5        0x0 ./timers.o
 .data          0x008000b5        0x0 d:/amit/interfacing_partition/amit eclipse/sdk_win_64/sdk_win_64/winavr/bin/../lib/gcc/avr/4.3.3/avr5\libgcc.a(_udivmodhi4.o)
 .data          0x008000b5        0x0 d:/amit/interfacing_partition/amit eclipse/sdk_win_64/sdk_win_64/winavr/bin/../lib/gcc/avr/4.3.3/avr5\libgcc.a(_exit.o)
 .data          0x008000b5        0x0 d:/amit/interfacing_partition/amit eclipse/sdk_win_64/sdk_win_64/winavr/bin/../lib/gcc/avr/4.3.3/avr5\libgcc.a(_copy_data.o)
 .data          0x008000b5        0x0 d:/amit/interfacing_partition/amit eclipse/sdk_win_64/sdk_win_64/winavr/bin/../lib/gcc/avr/4.3.3/avr5\libgcc.a(_clear_bss.o)
 .data          0x008000b5        0x0 d:/amit/interfacing_partition/amit eclipse/sdk_win_64/sdk_win_64/winavr/bin/../lib/gcc/avr/4.3.3/../../../../avr/lib/avr5\libc.a(memcpy.o)
 .data          0x008000b5        0x0 d:/amit/interfacing_partition/amit eclipse/sdk_win_64/sdk_win_64/winavr/bin/../lib/gcc/avr/4.3.3/../../../../avr/lib/avr5\libc.a(memset.o)
 *(.data*)
 .data.uxTopUsedPriority
                0x008000b5        0x1 ./tasks.o
                0x008000b5                uxTopUsedPriority
 *(.rodata)
 *(.rodata*)
 *(.gnu.linkonce.d*)
                0x008000b6                . = ALIGN (0x2)
                0x008000b6                _edata = .
                0x008000b6                PROVIDE (__data_end, .)

.bss            0x008000b6      0x48e
                0x008000b6                PROVIDE (__bss_start, .)
 *(.bss)
 .bss           0x008000b6        0x0 d:/amit/interfacing_partition/amit eclipse/sdk_win_64/sdk_win_64/winavr/bin/../lib/gcc/avr/4.3.3/../../../../avr/lib/avr5/crtm32.o
 .bss           0x008000b6        0x0 ./DIO_program.o
 .bss           0x008000b6        0x0 ./FreeRTOS_test1.o
 .bss           0x008000b6        0x0 ./FreeRTOS_test2.o
 .bss           0x008000b6        0x0 ./FreeRTOS_test3.o
 .bss           0x008000b6        0x0 ./FreeRTOS_test4.o
 .bss           0x008000b6        0x0 ./croutine.o
 .bss           0x008000b6        0x0 ./event_groups.o
 .bss           0x008000b6        0x0 ./heap_1.o
 .bss           0x008000b6        0x0 ./list.o
 .bss           0x008000b6        0x0 ./port.o
 .bss           0x008000b6        0x0 ./queue.o
 .bss           0x008000b6        0x0 ./regtest.o
 .bss           0x008000b6        0x0 ./stream_buffer.o
 .bss           0x008000b6        0x0 ./tasks.o
 .bss           0x008000b6        0x0 ./timers.o
 .bss           0x008000b6        0x0 d:/amit/interfacing_partition/amit eclipse/sdk_win_64/sdk_win_64/winavr/bin/../lib/gcc/avr/4.3.3/avr5\libgcc.a(_udivmodhi4.o)
 .bss           0x008000b6        0x0 d:/amit/interfacing_partition/amit eclipse/sdk_win_64/sdk_win_64/winavr/bin/../lib/gcc/avr/4.3.3/avr5\libgcc.a(_exit.o)
 .bss           0x008000b6        0x0 d:/amit/interfacing_partition/amit eclipse/sdk_win_64/sdk_win_64/winavr/bin/../lib/gcc/avr/4.3.3/avr5\libgcc.a(_copy_data.o)
 .bss           0x008000b6        0x0 d:/amit/interfacing_partition/amit eclipse/sdk_win_64/sdk_win_64/winavr/bin/../lib/gcc/avr/4.3.3/avr5\libgcc.a(_clear_bss.o)
 .bss           0x008000b6        0x0 d:/amit/interfacing_partition/amit eclipse/sdk_win_64/sdk_win_64/winavr/bin/../lib/gcc/avr/4.3.3/../../../../avr/lib/avr5\libc.a(memcpy.o)
 .bss           0x008000b6        0x0 d:/amit/interfacing_partition/amit eclipse/sdk_win_64/sdk_win_64/winavr/bin/../lib/gcc/avr/4.3.3/../../../../avr/lib/avr5\libc.a(memset.o)
 *(.bss*)
 .bss.flag      0x008000b6        0x1 ./FreeRTOS_test3.o
 .bss.flag      0x008000b7        0x1 ./FreeRTOS_test4.o
 .bss.pxDelayedCoRoutineList
                0x008000b8        0x2 ./croutine.o
 .bss.pxOverflowDelayedCoRoutineList
                0x008000ba        0x2 ./croutine.o
 .bss.pxCurrentCoRoutine
                0x008000bc        0x2 ./croutine.o
                0x008000bc                pxCurrentCoRoutine
 .bss.uxTopCoRoutineReadyPriority
                0x008000be        0x1 ./croutine.o
 .bss.xCoRoutineTickCount
                0x008000bf        0x2 ./croutine.o
 .bss.xLastTickCount
                0x008000c1        0x2 ./croutine.o
 .bss.xPassedTicks
                0x008000c3        0x2 ./croutine.o
 .bss.pxReadyCoRoutineLists
                0x008000c5       0x12 ./croutine.o
 .bss.xDelayedCoRoutineList1
                0x008000d7        0x9 ./croutine.o
 .bss.xDelayedCoRoutineList2
                0x008000e0        0x9 ./croutine.o
 .bss.xPendingReadyCoRoutineList
                0x008000e9        0x9 ./croutine.o
 .bss.xNextFreeByte
                0x008000f2        0x2 ./heap_1.o
 .bss.xHeap     0x008000f4      0x3e8 ./heap_1.o
 .bss.xRegTestError
                0x008004dc        0x1 ./regtest.o
                0x008004dc                xRegTestError
 .bss.pxCurrentTCB
                0x008004dd        0x2 ./tasks.o
                0x008004dd                pxCurrentTCB
 .bss.uxDeletedTasksWaitingCleanUp
                0x008004df        0x1 ./tasks.o
 .bss.uxCurrentNumberOfTasks
                0x008004e0        0x1 ./tasks.o
 .bss.xTickCount
                0x008004e1        0x2 ./tasks.o
 .bss.uxTopReadyPriority
                0x008004e3        0x1 ./tasks.o
 .bss.xSchedulerRunning
                0x008004e4        0x1 ./tasks.o
 .bss.xPendedTicks
                0x008004e5        0x2 ./tasks.o
 .bss.xYieldPending
                0x008004e7        0x1 ./tasks.o
 .bss.xNumOfOverflows
                0x008004e8        0x1 ./tasks.o
 .bss.uxTaskNumber
                0x008004e9        0x1 ./tasks.o
 .bss.xNextTaskUnblockTime
                0x008004ea        0x2 ./tasks.o
 .bss.xIdleTaskHandle
                0x008004ec        0x2 ./tasks.o
 .bss.uxSchedulerSuspended
                0x008004ee        0x1 ./tasks.o
 .bss.pxReadyTasksLists
                0x008004ef       0x24 ./tasks.o
 .bss.xDelayedTaskList1
                0x00800513        0x9 ./tasks.o
 .bss.xDelayedTaskList2
                0x0080051c        0x9 ./tasks.o
 .bss.pxDelayedTaskList
                0x00800525        0x2 ./tasks.o
 .bss.pxOverflowDelayedTaskList
                0x00800527        0x2 ./tasks.o
 .bss.xPendingReadyList
                0x00800529        0x9 ./tasks.o
 .bss.xTasksWaitingTermination
                0x00800532        0x9 ./tasks.o
 .bss.xSuspendedTaskList
                0x0080053b        0x9 ./tasks.o
 *(COMMON)
                0x00800544                PROVIDE (__bss_end, .)
                0x000077ae                __data_load_start = LOADADDR (.data)
                0x00007804                __data_load_end = (__data_load_start + SIZEOF (.data))

.noinit         0x00800544        0x0
                0x00800544                PROVIDE (__noinit_start, .)
 *(.noinit*)
                0x00800544                PROVIDE (__noinit_end, .)
                0x00800544                _end = .
                0x00800544                PROVIDE (__heap_start, .)

.eeprom         0x00810000        0x0
 *(.eeprom*)
                0x00810000                __eeprom_end = .

.fuse
 *(.fuse)
 *(.lfuse)
 *(.hfuse)
 *(.efuse)

.lock
 *(.lock*)

.signature
 *(.signature*)

.stab           0x00000000     0xb0e8
 *(.stab)
 .stab          0x00000000      0x4bc ./DIO_program.o
 .stab          0x000004bc      0x774 ./FreeRTOS_test1.o
                                0x7d4 (size before relaxing)
 .stab          0x00000c30      0x234 ./FreeRTOS_test2.o
                                0x714 (size before relaxing)
 .stab          0x00000e64      0x2ac ./FreeRTOS_test3.o
                                0x78c (size before relaxing)
 .stab          0x00001110      0x300 ./FreeRTOS_test4.o
                                0x7e0 (size before relaxing)
 .stab          0x00001410      0x84c ./croutine.o
                                0xcd8 (size before relaxing)
 .stab          0x00001c5c      0xdf8 ./event_groups.o
                               0x1134 (size before relaxing)
 .stab          0x00002a54      0x2e8 ./heap_1.o
                                0x7b0 (size before relaxing)
 .stab          0x00002d3c      0x474 ./list.o
                                0x870 (size before relaxing)
 .stab          0x000031b0      0x840 ./port.o
                                0xcfc (size before relaxing)
 .stab          0x000039f0     0x22e0 ./queue.o
                               0x27e4 (size before relaxing)
 .stab          0x00005cd0      0xedc ./regtest.o
                               0x1368 (size before relaxing)
 .stab          0x00006bac     0x15d8 ./stream_buffer.o
                               0x1a34 (size before relaxing)
 .stab          0x00008184     0x2dc0 ./tasks.o
                               0x32b8 (size before relaxing)
 .stab          0x0000af44      0x1a4 ./timers.o
                                0x6cc (size before relaxing)

.stabstr        0x00000000     0x53de
 *(.stabstr)
 .stabstr       0x00000000     0x53de ./DIO_program.o

.stab.excl
 *(.stab.excl)

.stab.exclstr
 *(.stab.exclstr)

.stab.index
 *(.stab.index)

.stab.indexstr
 *(.stab.indexstr)

.comment
 *(.comment)

.debug
 *(.debug)

.line
 *(.line)

.debug_srcinfo
 *(.debug_srcinfo)

.debug_sfnames
 *(.debug_sfnames)

.debug_aranges
 *(.debug_aranges)

.debug_pubnames
 *(.debug_pubnames)

.debug_info
 *(.debug_info)
 *(.gnu.linkonce.wi.*)

.debug_abbrev
 *(.debug_abbrev)

.debug_line
 *(.debug_line)

.debug_frame
 *(.debug_frame)

.debug_str
 *(.debug_str)

.debug_loc
 *(.debug_loc)

.debug_macinfo
 *(.debug_macinfo)
OUTPUT(FREE-RTOS.elf elf32-avr)
LOAD linker stubs
